<html>
<body>
<pre>
<h1>µVision Build Log</h1>
<h2>Tool Versions:</h2>
IDE-Version: µVision V5.31.0.0
Copyright (C) 2020 ARM Ltd and ARM Germany GmbH. All rights reserved.
License Information: ECBME Dept. Ryerson University Flex license: MDK Professional 5.31 (Flex): 200 user(s) (mdk_pro) Operation stops: 4 Jul 2027
 
Tool Versions:
Toolchain:       MDK Professional 5.31 (Flex): 200 user(s)  Version: 5.31.0.0
Toolchain Path:  C:\Keil_v5\ARM\ARMCC\Bin
C Compiler:      Armcc.exe V5.06 update 6 (build 750)
Assembler:       Armasm.exe V5.06 update 6 (build 750)
Linker/Locator:  ArmLink.exe V5.06 update 6 (build 750)
Library Manager: ArmAr.exe V5.06 update 6 (build 750)
Hex Converter:   FromElf.exe V5.06 update 6 (build 750)
CPU DLL:         SARMCM3.DLL V5.31.0.0
Dialog DLL:      DARMP1.DLL V1.27.0.0
Target DLL:      UL2CM3.DLL V1.163.4.0
Dialog DLL:      TARMP1.DLL V1.26.0.0
 
<h2>Project:</h2>
S:\TMU\4thYear\COE718\Project\Blinky.uvprojx
Project File Date:  11/19/2025

<h2>Output:</h2>
*** Using Compiler 'V5.06 update 6 (build 750)', folder: 'C:\Keil_v5\ARM\ARMCC\Bin'
Rebuild target 'LPC1768 Flash'
assembling startup_LPC17xx.s...
compiling system_LPC17xx.c...
compiling GLCD_SPI_LPC1700.c...
GLCD_SPI_LPC1700.c(861): warning:  #68-D: integer conversion resulted in a change of sign
    for (i = (h-1)*w + (y_offset*w); i > -1 + (y_offset*w) ; i -= w) 
GLCD_SPI_LPC1700.c: 1 warning, 0 errors
compiling LED.c...
compiling IRQ.c...
compiling Blinky.c...
compiling KBD.c...
compiling photo_gallery.c...
photo_gallery.c(8): warning:  #1295-D: Deprecated declaration selector - give arg types
  int selector();
photo_gallery.c(9): warning:  #1295-D: Deprecated declaration selected - give arg types
  int selected();
photo_gallery.c: 2 warnings, 0 errors
compiling game.c...
compiling photos.c...
photos.c(7): warning:  #1295-D: Deprecated declaration selector - give arg types
   int selector();
photos.c(8): warning:  #1295-D: Deprecated declaration selected - give arg types
   int selected();
photos.c: 2 warnings, 0 errors
compiling snake.c...
compiling blackjack.c...
compiling fortnite.c...
compiling sonar.c...
compiling dick.c...
compiling notes.c...
compiling usbuser.c...
compiling adcuser.c...
compiling core_cm3.c...
compiling usbcore.c...
compiling usbdesc.c...
compiling usbdmain.c...
compiling usbhw.c...
linking...
Program Size: Code=18098 RO-data=236590 RW-data=176 ZI-data=2072  
FromELF: creating hex file...
".\Flash\Blinky.axf" - 0 Error(s), 5 Warning(s).

<h2>Software Packages used:</h2>

Package Vendor: ARM
                http://www.keil.com/pack/ARM.CMSIS.5.7.0.pack
                ARM.CMSIS.5.7.0
                CMSIS (Cortex Microcontroller Software Interface Standard)
   * Component: CORE Version: 5.4.0

Package Vendor: Keil
                http://www.keil.com/pack/Keil.LPC1700_DFP.2.6.0.pack
                Keil.LPC1700_DFP.2.6.0
                NXP LPC1700 Series Device Support, Drivers and Examples for MCB1700 and LPC1788-32

<h2>Collection of Component include folders:</h2>
  .\RTE\_LPC1768_Flash
  C:\Users\ECBME\AppData\Local\Arm\Packs\ARM\CMSIS\5.7.0\CMSIS\Core\Include
  C:\Users\ECBME\AppData\Local\Arm\Packs\Keil\LPC1700_DFP\2.6.0\Device\Include

<h2>Collection of Component Files used:</h2>

   * Component: ARM::CMSIS:CORE:5.4.0
Build Time Elapsed:  00:00:07
</pre>
</body>
</html>
